// Jest Snapshot v1, https://goo.gl/fbAQLP

exports[`<TextField /> Renders with error 1`] = `
<div>
  <div
    class="sc-eDDNvR hXPgYn"
  >
    <label
      class="sc-dmqHEX eQkwkp"
      for="TextField"
    >
      TextField
    </label>
    <div
      class="sc-beqWaB fHskzJ"
    >
      <input
        class="sc-gueYoa eemTcj"
        type="text"
        value=""
      />
    </div>
    <p
      class="sc-hLseeU dApntc"
    >
      Error message
    </p>
  </div>
</div>
`;
