// Jest Snapshot v1, https://goo.gl/fbAQLP

exports[`<Card /> Renders without error 1`] = `
<div>
  <div
    class="sc-gueYoa emUOiO"
  >
    <img
      alt="pokemon"
      height="150px"
      src="https://google.com"
    />
    <div
      data-testid="card-child"
    >
      child
    </div>
  </div>
</div>
`;
